Archive member included to satisfy reference by file (symbol)

C:/msys64/opt/devkitpro/devkitARM/bin/../lib/gcc/arm-none-eabi/16.1.0/thumb\libgcc.a(_divsi3.o)
                              build/clock.o (__aeabi_idiv)
C:/msys64/opt/devkitpro/devkitARM/bin/../lib/gcc/arm-none-eabi/16.1.0/thumb\libgcc.a(_dvmd_tls.o)
                              C:/msys64/opt/devkitpro/devkitARM/bin/../lib/gcc/arm-none-eabi/16.1.0/thumb\libgcc.a(_divsi3.o) (__aeabi_idiv0)
C:/msys64/opt/devkitpro/devkitARM/bin/../lib/gcc/arm-none-eabi/16.1.0/../../../../arm-none-eabi/lib/thumb\libc.a(libc_a-memset.o)
                              build/main.o (memset)

Merging object attributes


There are no discarded input sections

Memory Configuration

Name             Origin             Length             Attributes
rom              0x08000000         0x02000000         xr
ewram            0x02000000         0x00040000         rw
iwram            0x03000000         0x00008000         rw
*default*        0x00000000         0xffffffff

Linker script and memory map

LOAD C:/msys64/opt/devkitpro/devkitARM/bin/../lib/gcc/arm-none-eabi/16.1.0/thumb/crti.o
LOAD C:/msys64/opt/devkitpro/devkitARM/bin/../lib/gcc/arm-none-eabi/16.1.0/thumb/crtbegin.o
LOAD build/crt0.o
LOAD build/clock.o
LOAD build/dialogue.o
LOAD build/hud.o
LOAD build/input.o
LOAD build/main.o
LOAD build/map.o
LOAD build/npc.o
LOAD build/player.o
START GROUP
LOAD C:/msys64/opt/devkitpro/devkitARM/bin/../lib/gcc/arm-none-eabi/16.1.0/thumb\libgcc.a
LOAD C:/msys64/opt/devkitpro/devkitARM/bin/../lib/gcc/arm-none-eabi/16.1.0/../../../../arm-none-eabi/lib/thumb\libc.a
LOAD C:/msys64/opt/devkitpro/devkitARM/bin/../lib/gcc/arm-none-eabi/16.1.0/../../../../arm-none-eabi/lib/thumb\libsysbase.a
END GROUP
LOAD C:/msys64/opt/devkitpro/devkitARM/bin/../lib/gcc/arm-none-eabi/16.1.0/thumb/crtend.o
LOAD C:/msys64/opt/devkitpro/devkitARM/bin/../lib/gcc/arm-none-eabi/16.1.0/thumb/crtn.o

.crt0           0x08000000      0x108
 *(.crt0)
 .crt0          0x08000000       0xf4 build/crt0.o
                0x08000000                _start
 *fill*         0x080000f4        0x4 
 .crt0.__stub   0x080000f8        0xc linker stubs

.text           0x08000108     0x1588
 *(.text*)
 .text          0x08000108        0x0 C:/msys64/opt/devkitpro/devkitARM/bin/../lib/gcc/arm-none-eabi/16.1.0/thumb/crti.o
 .text          0x08000108        0x0 C:/msys64/opt/devkitpro/devkitARM/bin/../lib/gcc/arm-none-eabi/16.1.0/thumb/crtbegin.o
 .text.__do_global_dtors_aux
                0x08000108       0x2c C:/msys64/opt/devkitpro/devkitARM/bin/../lib/gcc/arm-none-eabi/16.1.0/thumb/crtbegin.o
 .text.frame_dummy
                0x08000134       0x24 C:/msys64/opt/devkitpro/devkitARM/bin/../lib/gcc/arm-none-eabi/16.1.0/thumb/crtbegin.o
 .text          0x08000158        0x0 build/crt0.o
 .text          0x08000158       0x7c build/clock.o
                0x08000158                clock_init
                0x08000164                clock_tick
                0x080001a4                clock_hour
                0x080001c0                clock_min
 .text          0x080001d4      0x148 build/dialogue.o
                0x080001d4                dlg_init
                0x08000284                dlg_show
                0x080002f8                dlg_hide
 .text          0x0800031c       0xc4 build/hud.o
                0x0800031c                hud_init
                0x08000364                hud_update
 .text          0x080003e0       0x40 build/input.o
                0x080003e0                input_update
                0x080003fc                key_held
                0x0800040c                key_pressed
 .text          0x08000420        0x0 build/main.o
 .text.startup  0x08000420      0x270 build/main.o
                0x08000420                main
 .text          0x08000690      0x260 build/map.o
                0x08000690                map_init
                0x0800071c                map_tile_at
                0x0800075c                map_is_solid
                0x0800076c                map_till
                0x080007d4                map_water
                0x08000834                map_dry_fields
                0x08000894                map_plant
 .text          0x080008f0       0xb4 build/npc.o
                0x080008f0                npc_init
                0x08000900                npc_draw
                0x08000950                npc_hide
                0x08000964                npc_schedule_apply
 .text          0x080009a4       0xe8 build/player.o
                0x08000a00                player_init
                0x08000a04                player_update
 .text          0x08000a8c      0x150 C:/msys64/opt/devkitpro/devkitARM/bin/../lib/gcc/arm-none-eabi/16.1.0/thumb\libgcc.a(_divsi3.o)
                0x08000a8c                __divsi3
                0x08000a8c                __aeabi_idiv
                0x08000bbc                __aeabi_idivmod
 .text          0x08000bdc        0x4 C:/msys64/opt/devkitpro/devkitARM/bin/../lib/gcc/arm-none-eabi/16.1.0/thumb\libgcc.a(_dvmd_tls.o)
                0x08000bdc                __aeabi_idiv0
                0x08000bdc                __aeabi_ldiv0
 .text          0x08000be0        0x0 C:/msys64/opt/devkitpro/devkitARM/bin/../lib/gcc/arm-none-eabi/16.1.0/../../../../arm-none-eabi/lib/thumb\libc.a(libc_a-memset.o)
 .text.memset   0x08000be0       0x8c C:/msys64/opt/devkitpro/devkitARM/bin/../lib/gcc/arm-none-eabi/16.1.0/../../../../arm-none-eabi/lib/thumb\libc.a(libc_a-memset.o)
                0x08000be0                memset
 .text          0x08000c6c        0x0 C:/msys64/opt/devkitpro/devkitARM/bin/../lib/gcc/arm-none-eabi/16.1.0/thumb/crtend.o
 .text          0x08000c6c        0x0 C:/msys64/opt/devkitpro/devkitARM/bin/../lib/gcc/arm-none-eabi/16.1.0/thumb/crtn.o
 *fill*         0x08000c6c        0x4 
 .text.__stub   0x08000c70       0x1c linker stubs
 *(.rodata*)
 .rodata.all_implied_fbits
                0x08000c90       0x24 C:/msys64/opt/devkitpro/devkitARM/bin/../lib/gcc/arm-none-eabi/16.1.0/thumb/crtbegin.o
 .rodata        0x08000cb4      0x360 build/dialogue.o
 .rodata        0x08001014      0x160 build/hud.o
 .rodata.str1.4
                0x08001174       0x30 build/main.o
 .rodata        0x080011a4      0x4c8 build/map.o
 .rodata.all_implied_fbits
                0x0800166c       0x24 C:/msys64/opt/devkitpro/devkitARM/bin/../lib/gcc/arm-none-eabi/16.1.0/thumb/crtend.o

.glue_7         0x08001690        0x0
 .glue_7        0x08001690        0x0 linker stubs

.glue_7t        0x08001690        0x0
 .glue_7t       0x08001690        0x0 linker stubs

.vfp11_veneer   0x08001690        0x0
 .vfp11_veneer  0x08001690        0x0 linker stubs

.v4_bx          0x08001690        0x0
 .v4_bx         0x08001690        0x0 linker stubs

.init           0x08001690        0xc
 .init          0x08001690        0x4 C:/msys64/opt/devkitpro/devkitARM/bin/../lib/gcc/arm-none-eabi/16.1.0/thumb/crti.o
                0x08001690                _init
 .init          0x08001694        0x8 C:/msys64/opt/devkitpro/devkitARM/bin/../lib/gcc/arm-none-eabi/16.1.0/thumb/crtn.o

.fini           0x0800169c        0xc
 .fini          0x0800169c        0x4 C:/msys64/opt/devkitpro/devkitARM/bin/../lib/gcc/arm-none-eabi/16.1.0/thumb/crti.o
                0x0800169c                _fini
 .fini          0x080016a0        0x8 C:/msys64/opt/devkitpro/devkitARM/bin/../lib/gcc/arm-none-eabi/16.1.0/thumb/crtn.o

.iplt           0x080016a8        0x0
 .iplt          0x080016a8        0x0 C:/msys64/opt/devkitpro/devkitARM/bin/../lib/gcc/arm-none-eabi/16.1.0/thumb/crtbegin.o

.eh_frame       0x080016a8        0x4
 .eh_frame      0x080016a8        0x0 C:/msys64/opt/devkitpro/devkitARM/bin/../lib/gcc/arm-none-eabi/16.1.0/thumb/crtbegin.o
 .eh_frame      0x080016a8        0x4 C:/msys64/opt/devkitpro/devkitARM/bin/../lib/gcc/arm-none-eabi/16.1.0/thumb/crtend.o

.rel.dyn        0x080016ac        0x0
 .rel.iplt      0x080016ac        0x0 C:/msys64/opt/devkitpro/devkitARM/bin/../lib/gcc/arm-none-eabi/16.1.0/thumb/crtbegin.o

.data           0x03000000        0x4 load address 0x080016ac
 *(.data*)
 .data          0x03000000        0x0 C:/msys64/opt/devkitpro/devkitARM/bin/../lib/gcc/arm-none-eabi/16.1.0/thumb/crti.o
 .data          0x03000000        0x0 C:/msys64/opt/devkitpro/devkitARM/bin/../lib/gcc/arm-none-eabi/16.1.0/thumb/crtbegin.o
 .data.__dso_handle
                0x03000000        0x4 C:/msys64/opt/devkitpro/devkitARM/bin/../lib/gcc/arm-none-eabi/16.1.0/thumb/crtbegin.o
                0x03000000                __dso_handle
 .data          0x03000004        0x0 build/crt0.o
 .data          0x03000004        0x0 build/clock.o
 .data          0x03000004        0x0 build/dialogue.o
 .data          0x03000004        0x0 build/hud.o
 .data          0x03000004        0x0 build/input.o
 .data          0x03000004        0x0 build/main.o
 .data          0x03000004        0x0 build/map.o
 .data          0x03000004        0x0 build/npc.o
 .data          0x03000004        0x0 build/player.o
 .data          0x03000004        0x0 C:/msys64/opt/devkitpro/devkitARM/bin/../lib/gcc/arm-none-eabi/16.1.0/thumb\libgcc.a(_divsi3.o)
 .data          0x03000004        0x0 C:/msys64/opt/devkitpro/devkitARM/bin/../lib/gcc/arm-none-eabi/16.1.0/thumb\libgcc.a(_dvmd_tls.o)
 .data          0x03000004        0x0 C:/msys64/opt/devkitpro/devkitARM/bin/../lib/gcc/arm-none-eabi/16.1.0/../../../../arm-none-eabi/lib/thumb\libc.a(libc_a-memset.o)
 .data          0x03000004        0x0 C:/msys64/opt/devkitpro/devkitARM/bin/../lib/gcc/arm-none-eabi/16.1.0/thumb/crtend.o
 .data          0x03000004        0x0 C:/msys64/opt/devkitpro/devkitARM/bin/../lib/gcc/arm-none-eabi/16.1.0/thumb/crtn.o

.init_array     0x03000004        0x4 load address 0x080016b0
 .init_array    0x03000004        0x4 C:/msys64/opt/devkitpro/devkitARM/bin/../lib/gcc/arm-none-eabi/16.1.0/thumb/crtbegin.o

.fini_array     0x03000008        0x4 load address 0x080016b4
 .fini_array    0x03000008        0x4 C:/msys64/opt/devkitpro/devkitARM/bin/../lib/gcc/arm-none-eabi/16.1.0/thumb/crtbegin.o

.igot.plt       0x0300000c        0x0 load address 0x080016b8
 .igot.plt      0x0300000c        0x0 C:/msys64/opt/devkitpro/devkitARM/bin/../lib/gcc/arm-none-eabi/16.1.0/thumb/crtbegin.o

.bss            0x0300000c      0x4d0 load address 0x080016b8
                0x0300000c                        __bss_start__ = .
 *(.bss*)
 .bss           0x0300000c        0x0 C:/msys64/opt/devkitpro/devkitARM/bin/../lib/gcc/arm-none-eabi/16.1.0/thumb/crti.o
 .bss           0x0300000c        0x0 C:/msys64/opt/devkitpro/devkitARM/bin/../lib/gcc/arm-none-eabi/16.1.0/thumb/crtbegin.o
 .bss.completed.1
                0x0300000c        0x1 C:/msys64/opt/devkitpro/devkitARM/bin/../lib/gcc/arm-none-eabi/16.1.0/thumb/crtbegin.o
 *fill*         0x0300000d        0x3 
 .bss.object.0  0x03000010       0x18 C:/msys64/opt/devkitpro/devkitARM/bin/../lib/gcc/arm-none-eabi/16.1.0/thumb/crtbegin.o
 .bss           0x03000028        0x0 build/crt0.o
 .bss           0x03000028        0x0 build/clock.o
 .bss           0x03000028        0x0 build/dialogue.o
 .bss           0x03000028        0x0 build/hud.o
 .bss           0x03000028        0x4 build/input.o
 .bss           0x0300002c        0x0 build/main.o
 .bss           0x0300002c      0x4b0 build/map.o
 .bss           0x030004dc        0x0 build/npc.o
 .bss           0x030004dc        0x0 build/player.o
 .bss           0x030004dc        0x0 C:/msys64/opt/devkitpro/devkitARM/bin/../lib/gcc/arm-none-eabi/16.1.0/thumb\libgcc.a(_divsi3.o)
 .bss           0x030004dc        0x0 C:/msys64/opt/devkitpro/devkitARM/bin/../lib/gcc/arm-none-eabi/16.1.0/thumb\libgcc.a(_dvmd_tls.o)
 .bss           0x030004dc        0x0 C:/msys64/opt/devkitpro/devkitARM/bin/../lib/gcc/arm-none-eabi/16.1.0/../../../../arm-none-eabi/lib/thumb\libc.a(libc_a-memset.o)
 .bss           0x030004dc        0x0 C:/msys64/opt/devkitpro/devkitARM/bin/../lib/gcc/arm-none-eabi/16.1.0/thumb/crtend.o
 .bss           0x030004dc        0x0 C:/msys64/opt/devkitpro/devkitARM/bin/../lib/gcc/arm-none-eabi/16.1.0/thumb/crtn.o
 *(COMMON)
                0x030004dc                        . = ALIGN (0x4)
                0x030004dc                        __bss_end__ = .
OUTPUT(game.elf elf32-littlearm)
LOAD linker stubs

.ARM.attributes
                0x00000000       0x26
 .ARM.attributes
                0x00000000       0x1c C:/msys64/opt/devkitpro/devkitARM/bin/../lib/gcc/arm-none-eabi/16.1.0/thumb/crti.o
 .ARM.attributes
                0x0000001c       0x2a C:/msys64/opt/devkitpro/devkitARM/bin/../lib/gcc/arm-none-eabi/16.1.0/thumb/crtbegin.o
 .ARM.attributes
                0x00000046       0x1a build/crt0.o
 .ARM.attributes
                0x00000060       0x2a build/clock.o
 .ARM.attributes
                0x0000008a       0x2a build/dialogue.o
 .ARM.attributes
                0x000000b4       0x2a build/hud.o
 .ARM.attributes
                0x000000de       0x2a build/input.o
 .ARM.attributes
                0x00000108       0x2a build/main.o
 .ARM.attributes
                0x00000132       0x2a build/map.o
 .ARM.attributes
                0x0000015c       0x2a build/npc.o
 .ARM.attributes
                0x00000186       0x2a build/player.o
 .ARM.attributes
                0x000001b0       0x1c C:/msys64/opt/devkitpro/devkitARM/bin/../lib/gcc/arm-none-eabi/16.1.0/thumb\libgcc.a(_divsi3.o)
 .ARM.attributes
                0x000001cc       0x1c C:/msys64/opt/devkitpro/devkitARM/bin/../lib/gcc/arm-none-eabi/16.1.0/thumb\libgcc.a(_dvmd_tls.o)
 .ARM.attributes
                0x000001e8       0x2a C:/msys64/opt/devkitpro/devkitARM/bin/../lib/gcc/arm-none-eabi/16.1.0/../../../../arm-none-eabi/lib/thumb\libc.a(libc_a-memset.o)
 .ARM.attributes
                0x00000212       0x2a C:/msys64/opt/devkitpro/devkitARM/bin/../lib/gcc/arm-none-eabi/16.1.0/thumb/crtend.o
 .ARM.attributes
                0x0000023c       0x1c C:/msys64/opt/devkitpro/devkitARM/bin/../lib/gcc/arm-none-eabi/16.1.0/thumb/crtn.o

.comment        0x00000000       0x18
 .comment       0x00000000       0x18 C:/msys64/opt/devkitpro/devkitARM/bin/../lib/gcc/arm-none-eabi/16.1.0/thumb/crtbegin.o
                                 0x19 (size before relaxing)
 .comment       0x00000018        0x0 build/clock.o
                                 0x19 (size before relaxing)
 .comment       0x00000018        0x0 build/dialogue.o
                                 0x19 (size before relaxing)
 .comment       0x00000018        0x0 build/hud.o
                                 0x19 (size before relaxing)
 .comment       0x00000018        0x0 build/input.o
                                 0x19 (size before relaxing)
 .comment       0x00000018        0x0 build/main.o
                                 0x19 (size before relaxing)
 .comment       0x00000018        0x0 build/map.o
                                 0x19 (size before relaxing)
 .comment       0x00000018        0x0 build/npc.o
                                 0x19 (size before relaxing)
 .comment       0x00000018        0x0 build/player.o
                                 0x19 (size before relaxing)
 .comment       0x00000018        0x0 C:/msys64/opt/devkitpro/devkitARM/bin/../lib/gcc/arm-none-eabi/16.1.0/thumb/crtend.o
                                 0x19 (size before relaxing)

.debug_frame    0x00000000       0x20
 .debug_frame   0x00000000       0x20 C:/msys64/opt/devkitpro/devkitARM/bin/../lib/gcc/arm-none-eabi/16.1.0/thumb\libgcc.a(_divsi3.o)

.debug_line     0x00000000       0xbd
 .debug_line    0x00000000       0x73 C:/msys64/opt/devkitpro/devkitARM/bin/../lib/gcc/arm-none-eabi/16.1.0/thumb\libgcc.a(_divsi3.o)
 .debug_line    0x00000073       0x4a C:/msys64/opt/devkitpro/devkitARM/bin/../lib/gcc/arm-none-eabi/16.1.0/thumb\libgcc.a(_dvmd_tls.o)

.debug_line_str
                0x00000000       0xcd
 .debug_line_str
                0x00000000       0xcd C:/msys64/opt/devkitpro/devkitARM/bin/../lib/gcc/arm-none-eabi/16.1.0/thumb\libgcc.a(_divsi3.o)
 .debug_line_str
                0x000000cd        0x0 C:/msys64/opt/devkitpro/devkitARM/bin/../lib/gcc/arm-none-eabi/16.1.0/thumb\libgcc.a(_dvmd_tls.o)
                                 0xcd (size before relaxing)

.debug_info     0x00000000       0x7a
 .debug_info    0x00000000       0x3e C:/msys64/opt/devkitpro/devkitARM/bin/../lib/gcc/arm-none-eabi/16.1.0/thumb\libgcc.a(_divsi3.o)
 .debug_info    0x0000003e       0x3c C:/msys64/opt/devkitpro/devkitARM/bin/../lib/gcc/arm-none-eabi/16.1.0/thumb\libgcc.a(_dvmd_tls.o)

.debug_abbrev   0x00000000       0x4e
 .debug_abbrev  0x00000000       0x28 C:/msys64/opt/devkitpro/devkitARM/bin/../lib/gcc/arm-none-eabi/16.1.0/thumb\libgcc.a(_divsi3.o)
 .debug_abbrev  0x00000028       0x26 C:/msys64/opt/devkitpro/devkitARM/bin/../lib/gcc/arm-none-eabi/16.1.0/thumb\libgcc.a(_dvmd_tls.o)

.debug_aranges  0x00000000       0x40
 .debug_aranges
                0x00000000       0x20 C:/msys64/opt/devkitpro/devkitARM/bin/../lib/gcc/arm-none-eabi/16.1.0/thumb\libgcc.a(_divsi3.o)
 .debug_aranges
                0x00000020       0x20 C:/msys64/opt/devkitpro/devkitARM/bin/../lib/gcc/arm-none-eabi/16.1.0/thumb\libgcc.a(_dvmd_tls.o)

.debug_str      0x00000000      0x110
 .debug_str     0x00000000      0x110 C:/msys64/opt/devkitpro/devkitARM/bin/../lib/gcc/arm-none-eabi/16.1.0/thumb\libgcc.a(_divsi3.o)
                                 0xf4 (size before relaxing)
 .debug_str     0x00000110        0x0 C:/msys64/opt/devkitpro/devkitARM/bin/../lib/gcc/arm-none-eabi/16.1.0/thumb\libgcc.a(_dvmd_tls.o)
                                 0xf7 (size before relaxing)
