
Merging object attributes


There are no discarded input sections

Memory Configuration

Name             Origin             Length             Attributes
rom              0x08000000         0x02000000         xr
ewram            0x02000000         0x00040000         rw
iwram            0x03000000         0x00008000         rw
*default*        0x00000000         0xffffffff

Linker script and memory map

LOAD C:/msys64/opt/devkitpro/devkitARM/bin/../lib/gcc/arm-none-eabi/16.1.0/thumb/crti.o
LOAD C:/msys64/opt/devkitpro/devkitARM/bin/../lib/gcc/arm-none-eabi/16.1.0/thumb/crtbegin.o
LOAD build/crt0.o
LOAD build/input.o
LOAD build/main.o
LOAD build/map.o
LOAD build/player.o
START GROUP
LOAD C:/msys64/opt/devkitpro/devkitARM/bin/../lib/gcc/arm-none-eabi/16.1.0/thumb\libgcc.a
LOAD C:/msys64/opt/devkitpro/devkitARM/bin/../lib/gcc/arm-none-eabi/16.1.0/../../../../arm-none-eabi/lib/thumb\libc.a
LOAD C:/msys64/opt/devkitpro/devkitARM/bin/../lib/gcc/arm-none-eabi/16.1.0/../../../../arm-none-eabi/lib/thumb\libsysbase.a
END GROUP
LOAD C:/msys64/opt/devkitpro/devkitARM/bin/../lib/gcc/arm-none-eabi/16.1.0/thumb/crtend.o
LOAD C:/msys64/opt/devkitpro/devkitARM/bin/../lib/gcc/arm-none-eabi/16.1.0/thumb/crtn.o

.crt0           0x08000000      0x108
 *(.crt0)
 .crt0          0x08000000       0xf4 build/crt0.o
                0x08000000                _start
 *fill*         0x080000f4        0x4 
 .crt0.__stub   0x080000f8        0xc linker stubs

.text           0x08000108      0x87c
 *(.text*)
 .text          0x08000108        0x0 C:/msys64/opt/devkitpro/devkitARM/bin/../lib/gcc/arm-none-eabi/16.1.0/thumb/crti.o
 .text          0x08000108        0x0 C:/msys64/opt/devkitpro/devkitARM/bin/../lib/gcc/arm-none-eabi/16.1.0/thumb/crtbegin.o
 .text.__do_global_dtors_aux
                0x08000108       0x2c C:/msys64/opt/devkitpro/devkitARM/bin/../lib/gcc/arm-none-eabi/16.1.0/thumb/crtbegin.o
 .text.frame_dummy
                0x08000134       0x24 C:/msys64/opt/devkitpro/devkitARM/bin/../lib/gcc/arm-none-eabi/16.1.0/thumb/crtbegin.o
 .text          0x08000158        0x0 build/crt0.o
 .text          0x08000158       0x28 build/input.o
                0x08000158                input_update
                0x08000170                key_held
 .text          0x08000180        0x0 build/main.o
 .text.startup  0x08000180       0xf0 build/main.o
                0x08000180                main
 .text          0x08000270      0x134 build/map.o
                0x08000270                map_init
                0x0800035c                map_tile_at
                0x08000394                map_is_solid
 .text          0x080003a4       0xe8 build/player.o
                0x08000400                player_init
                0x08000404                player_update
 .text          0x0800048c        0x0 C:/msys64/opt/devkitpro/devkitARM/bin/../lib/gcc/arm-none-eabi/16.1.0/thumb/crtend.o
 .text          0x0800048c        0x0 C:/msys64/opt/devkitpro/devkitARM/bin/../lib/gcc/arm-none-eabi/16.1.0/thumb/crtn.o
 *(.rodata*)
 .rodata.all_implied_fbits
                0x0800048c       0x24 C:/msys64/opt/devkitpro/devkitARM/bin/../lib/gcc/arm-none-eabi/16.1.0/thumb/crtbegin.o
 .rodata        0x080004b0      0x4b0 build/map.o
 .rodata.all_implied_fbits
                0x08000960       0x24 C:/msys64/opt/devkitpro/devkitARM/bin/../lib/gcc/arm-none-eabi/16.1.0/thumb/crtend.o

.glue_7         0x08000984        0x0
 .glue_7        0x08000984        0x0 linker stubs

.glue_7t        0x08000984        0x0
 .glue_7t       0x08000984        0x0 linker stubs

.vfp11_veneer   0x08000984        0x0
 .vfp11_veneer  0x08000984        0x0 linker stubs

.v4_bx          0x08000984        0x0
 .v4_bx         0x08000984        0x0 linker stubs

.init           0x08000984        0xc
 .init          0x08000984        0x4 C:/msys64/opt/devkitpro/devkitARM/bin/../lib/gcc/arm-none-eabi/16.1.0/thumb/crti.o
                0x08000984                _init
 .init          0x08000988        0x8 C:/msys64/opt/devkitpro/devkitARM/bin/../lib/gcc/arm-none-eabi/16.1.0/thumb/crtn.o

.fini           0x08000990        0xc
 .fini          0x08000990        0x4 C:/msys64/opt/devkitpro/devkitARM/bin/../lib/gcc/arm-none-eabi/16.1.0/thumb/crti.o
                0x08000990                _fini
 .fini          0x08000994        0x8 C:/msys64/opt/devkitpro/devkitARM/bin/../lib/gcc/arm-none-eabi/16.1.0/thumb/crtn.o

.iplt           0x0800099c        0x0
 .iplt          0x0800099c        0x0 C:/msys64/opt/devkitpro/devkitARM/bin/../lib/gcc/arm-none-eabi/16.1.0/thumb/crtbegin.o

.eh_frame       0x0800099c        0x4
 .eh_frame      0x0800099c        0x0 C:/msys64/opt/devkitpro/devkitARM/bin/../lib/gcc/arm-none-eabi/16.1.0/thumb/crtbegin.o
 .eh_frame      0x0800099c        0x4 C:/msys64/opt/devkitpro/devkitARM/bin/../lib/gcc/arm-none-eabi/16.1.0/thumb/crtend.o

.rel.dyn        0x080009a0        0x0
 .rel.iplt      0x080009a0        0x0 C:/msys64/opt/devkitpro/devkitARM/bin/../lib/gcc/arm-none-eabi/16.1.0/thumb/crtbegin.o

.data           0x03000000        0x4 load address 0x080009a0
 *(.data*)
 .data          0x03000000        0x0 C:/msys64/opt/devkitpro/devkitARM/bin/../lib/gcc/arm-none-eabi/16.1.0/thumb/crti.o
 .data          0x03000000        0x0 C:/msys64/opt/devkitpro/devkitARM/bin/../lib/gcc/arm-none-eabi/16.1.0/thumb/crtbegin.o
 .data.__dso_handle
                0x03000000        0x4 C:/msys64/opt/devkitpro/devkitARM/bin/../lib/gcc/arm-none-eabi/16.1.0/thumb/crtbegin.o
                0x03000000                __dso_handle
 .data          0x03000004        0x0 build/crt0.o
 .data          0x03000004        0x0 build/input.o
 .data          0x03000004        0x0 build/main.o
 .data          0x03000004        0x0 build/map.o
 .data          0x03000004        0x0 build/player.o
 .data          0x03000004        0x0 C:/msys64/opt/devkitpro/devkitARM/bin/../lib/gcc/arm-none-eabi/16.1.0/thumb/crtend.o
 .data          0x03000004        0x0 C:/msys64/opt/devkitpro/devkitARM/bin/../lib/gcc/arm-none-eabi/16.1.0/thumb/crtn.o

.init_array     0x03000004        0x4 load address 0x080009a4
 .init_array    0x03000004        0x4 C:/msys64/opt/devkitpro/devkitARM/bin/../lib/gcc/arm-none-eabi/16.1.0/thumb/crtbegin.o

.fini_array     0x03000008        0x4 load address 0x080009a8
 .fini_array    0x03000008        0x4 C:/msys64/opt/devkitpro/devkitARM/bin/../lib/gcc/arm-none-eabi/16.1.0/thumb/crtbegin.o

.igot.plt       0x0300000c        0x0 load address 0x080009ac
 .igot.plt      0x0300000c        0x0 C:/msys64/opt/devkitpro/devkitARM/bin/../lib/gcc/arm-none-eabi/16.1.0/thumb/crtbegin.o

.bss            0x0300000c       0x20 load address 0x080009ac
                0x0300000c                        __bss_start__ = .
 *(.bss*)
 .bss           0x0300000c        0x0 C:/msys64/opt/devkitpro/devkitARM/bin/../lib/gcc/arm-none-eabi/16.1.0/thumb/crti.o
 .bss           0x0300000c        0x0 C:/msys64/opt/devkitpro/devkitARM/bin/../lib/gcc/arm-none-eabi/16.1.0/thumb/crtbegin.o
 .bss.completed.1
                0x0300000c        0x1 C:/msys64/opt/devkitpro/devkitARM/bin/../lib/gcc/arm-none-eabi/16.1.0/thumb/crtbegin.o
 *fill*         0x0300000d        0x3 
 .bss.object.0  0x03000010       0x18 C:/msys64/opt/devkitpro/devkitARM/bin/../lib/gcc/arm-none-eabi/16.1.0/thumb/crtbegin.o
 .bss           0x03000028        0x0 build/crt0.o
 .bss           0x03000028        0x2 build/input.o
 .bss           0x0300002a        0x0 build/main.o
 .bss           0x0300002a        0x0 build/map.o
 .bss           0x0300002a        0x0 build/player.o
 .bss           0x0300002a        0x0 C:/msys64/opt/devkitpro/devkitARM/bin/../lib/gcc/arm-none-eabi/16.1.0/thumb/crtend.o
 .bss           0x0300002a        0x0 C:/msys64/opt/devkitpro/devkitARM/bin/../lib/gcc/arm-none-eabi/16.1.0/thumb/crtn.o
 *(COMMON)
                0x0300002c                        . = ALIGN (0x4)
 *fill*         0x0300002a        0x2 
                0x0300002c                        __bss_end__ = .
OUTPUT(game.elf elf32-littlearm)
LOAD linker stubs

.ARM.attributes
                0x00000000       0x26
 .ARM.attributes
                0x00000000       0x1c C:/msys64/opt/devkitpro/devkitARM/bin/../lib/gcc/arm-none-eabi/16.1.0/thumb/crti.o
 .ARM.attributes
                0x0000001c       0x2a C:/msys64/opt/devkitpro/devkitARM/bin/../lib/gcc/arm-none-eabi/16.1.0/thumb/crtbegin.o
 .ARM.attributes
                0x00000046       0x1a build/crt0.o
 .ARM.attributes
                0x00000060       0x2a build/input.o
 .ARM.attributes
                0x0000008a       0x2a build/main.o
 .ARM.attributes
                0x000000b4       0x2a build/map.o
 .ARM.attributes
                0x000000de       0x2a build/player.o
 .ARM.attributes
                0x00000108       0x2a C:/msys64/opt/devkitpro/devkitARM/bin/../lib/gcc/arm-none-eabi/16.1.0/thumb/crtend.o
 .ARM.attributes
                0x00000132       0x1c C:/msys64/opt/devkitpro/devkitARM/bin/../lib/gcc/arm-none-eabi/16.1.0/thumb/crtn.o

.comment        0x00000000       0x18
 .comment       0x00000000       0x18 C:/msys64/opt/devkitpro/devkitARM/bin/../lib/gcc/arm-none-eabi/16.1.0/thumb/crtbegin.o
                                 0x19 (size before relaxing)
 .comment       0x00000018        0x0 build/input.o
                                 0x19 (size before relaxing)
 .comment       0x00000018        0x0 build/main.o
                                 0x19 (size before relaxing)
 .comment       0x00000018        0x0 build/map.o
                                 0x19 (size before relaxing)
 .comment       0x00000018        0x0 build/player.o
                                 0x19 (size before relaxing)
 .comment       0x00000018        0x0 C:/msys64/opt/devkitpro/devkitARM/bin/../lib/gcc/arm-none-eabi/16.1.0/thumb/crtend.o
                                 0x19 (size before relaxing)
